Line #	Error Message
3	Invalid phone number: 3
4	Invalid phone number: 4
